[training@localhost ~]$ mysql --user=training --password=training
Welcome to the MySQL monitor.  Commands end with ; or \g.
Your MySQL connection id is 8
Server version: 5.1.66 Source distribution

Copyright (c) 2000, 2012, Oracle and/or its affiliates. All rights reserved.

Oracle is a registered trademark of Oracle Corporation and/or its
affiliates. Other names may be trademarks of their respective
owners.

Type 'help;' or '\h' for help. Type '\c' to clear the current input statement.

mysql> show databases;
+--------------------+
| Database           |
+--------------------+
| information_schema |
| hue                |
| metastore          |
| movielens          |
| mysql              |
| test               |
| training           |
+--------------------+
7 rows in set (0.01 sec)

mysql> create database ecommerce;
Query OK, 1 row affected (0.00 sec)

mysql> show databases;
+--------------------+
| Database           |
+--------------------+
| information_schema |
| ecommerce          |
| hue                |
| metastore          |
| movielens          |
| mysql              |
| test               |
| training           |
+--------------------+
8 rows in set (0.00 sec)

mysql> use ecommerce;
Database changed
mysql> create table clickstream(userID int,timestamp TIMESTAMP,page varchar(20));
Query OK, 0 rows affected (0.04 sec)

mysql> show tables;
+---------------------+
| Tables_in_ecommerce |
+---------------------+
| clickstream         |
+---------------------+
1 row in set (0.00 sec)

mysql> create table CUSTOMER(user ID int,name varchar(20),email varchar(40));
ERROR 1064 (42000): You have an error in your SQL syntax; check the manual that corresponds to your MySQL server version for the right syntax to use near 'ID int,name varchar(20),email varchar(40))' at line 1
mysql> use ecommaece;
ERROR 1049 (42000): Unknown database 'ecommaece'
mysql> use ecommerce;
Database changed
mysql>  create table CUSTOMER(user ID int,name varchar(20),email varchar(40));
ERROR 1064 (42000): You have an error in your SQL syntax; check the manual that corresponds to your MySQL server version for the right syntax to use near 'ID int,name varchar(20),email varchar(40))' at line 1
mysql> create table CUSTOMER(user ID int,name varchar(20),email varchar(40));
ERROR 1064 (42000): You have an error in your SQL syntax; check the manual that corresponds to your MySQL server version for the right syntax to use near 'ID int,name varchar(20),email varchar(40))' at line 1
mysql> select * from clickstream;
Empty set (0.00 sec)

mysql> create table custemers(userid int,name varchar(20),email varchar(30));
Query OK, 0 rows affected (0.02 sec)

mysql> create table purchase(userID int,timestamp TIMESTAMP,amount int);
Query OK, 0 rows affected (0.02 sec)

mysql> show tables;
+---------------------+
| Tables_in_ecommerce |
+---------------------+
| clickstream         |
| custemers           |
| purchase            |
+---------------------+
3 rows in set (0.00 sec)

mysql> LOAD DATA local INFILE'/home/training/Downloads/clickstream_data.csv'INTO TABLE clickstream fields terminated by",lines terminated by'\n'IGNORE 1 lines;
    "> select * from clickstream;
    "> Ctrl-C -- exit!
Aborted
[training@localhost ~]$ mysql --user=training --password=training
Welcome to the MySQL monitor.  Commands end with ; or \g.
Your MySQL connection id is 9
Server version: 5.1.66 Source distribution

Copyright (c) 2000, 2012, Oracle and/or its affiliates. All rights reserved.

Oracle is a registered trademark of Oracle Corporation and/or its
affiliates. Other names may be trademarks of their respective
owners.

Type 'help;' or '\h' for help. Type '\c' to clear the current input statement.

mysql> show databases;
+--------------------+
| Database           |
+--------------------+
| information_schema |
| ecommerce          |
| hue                |
| metastore          |
| movielens          |
| mysql              |
| test               |
| training           |
+--------------------+
8 rows in set (0.00 sec)

mysql> use ecommerce;
Reading table information for completion of table and column names
You can turn off this feature to get a quicker startup with -A

Database changed
mysql> show tables;
+---------------------+
| Tables_in_ecommerce |
+---------------------+
| clickstream         |
| custemers           |
| purchase            |
+---------------------+
3 rows in set (0.01 sec)

mysql> LOAD DATA local INFILE'/home/training/Downloads/clickstream.csv'INTO TABLE clickstream fields terminated by','lines terminated by'/n'IGNORE 1 lines;
ERROR 2 (HY000): File '/home/training/Downloads/clickstream.csv' not found (Errcode: 2)
mysql> LOAD DATA local INFILE'/home/training/Downloads/clickstream.csv'INTO TABLE clickstream fields terminated by','lines terminated by'/n'IGNORE 1 lines;
Query OK, 0 rows affected (0.00 sec)
Records: 0  Deleted: 0  Skipped: 0  Warnings: 0

mysql> LOAD DATA local INFILE'/home/training/Downloads/custemers.csv'INTO TABLE custemers fields terminated by','lines terminated by'/n'IGNORE 1 lines;
Query OK, 0 rows affected (0.01 sec)
Records: 0  Deleted: 0  Skipped: 0  Warnings: 0

mysql>  LOAD DATA local INFILE'/home/training/Downloads/purchase.csv'INTO TABLE purchase fields terminated by','lines terminated by'/n'IGNORE 1 lines;
Query OK, 0 rows affected (0.00 sec)
Records: 0  Deleted: 0  Skipped: 0  Warnings: 0

mysql> select * from clickstream
    -> ;
Empty set (0.00 sec)

mysql> select * from custemers;
Empty set (0.00 sec)

mysql> show tables;
+---------------------+
| Tables_in_ecommerce |
+---------------------+
| clickstream         |
| custemers           |
| purchase            |
+---------------------+
3 rows in set (0.00 sec)

mysql>  LOAD DATA local INFILE'/home/training/Downloads/clickstream.csv'INTO TABLE clickstream fields terminated by','lines terminated by'/n'IGNORE 1 lines;
Query OK, 0 rows affected (0.00 sec)
Records: 0  Deleted: 0  Skipped: 0  Warnings: 0

mysql> drop table clickstream;
Query OK, 0 rows affected (0.00 sec)

mysql> drop table custemers;
Query OK, 0 rows affected (0.00 sec)

mysql> drop table purchase;
Query OK, 0 rows affected (0.00 sec)

mysql> show tables;
Empty set (0.00 sec)

mysql> create table clickstream(userID int,timestamp TIMESTAMP,page varchar(20));
Query OK, 0 rows affected (0.04 sec)

mysql> create table custemers(userid int,name varchar(20),email varchar(30));
Query OK, 0 rows affected (0.02 sec)

mysql> LOAD DATA local INFILE'/home/training/Downloads/clickstream.csv'INTO TABLE clickstream fields terminated by','lines terminated by'/n'IGNORE 1 lines;
Query OK, 0 rows affected (0.00 sec)
Records: 0  Deleted: 0  Skipped: 0  Warnings: 0

mysql> show databases;
+--------------------+
| Database           |
+--------------------+
| information_schema |
| ecommerce          |
| hue                |
| metastore          |
| movielens          |
| mysql              |
| test               |
| training           |
+--------------------+
8 rows in set (0.00 sec)

mysql> drop ecommerce;
ERROR 1064 (42000): You have an error in your SQL syntax; check the manual that corresponds to your MySQL server version for the right syntax to use near 'ecommerce' at line 1
mysql> drop database ecommerce;
Query OK, 2 rows affected (0.02 sec)

mysql> show databases;
+--------------------+
| Database           |
+--------------------+
| information_schema |
| hue                |
| metastore          |
| movielens          |
| mysql              |
| test               |
| training           |
+--------------------+
7 rows in set (0.00 sec)

mysql> create database ECommerce;
Query OK, 1 row affected (0.00 sec)

mysql> show databases;
+--------------------+
| Database           |
+--------------------+
| information_schema |
| ECommerce          |
| hue                |
| metastore          |
| movielens          |
| mysql              |
| test               |
| training           |
+--------------------+
8 rows in set (0.00 sec)

mysql> use ECommerce;
Database changed
mysql> create table clickstream(userID INT,timestamp TIMESTAMP,page VARCHAR(20));
Query OK, 0 rows affected (0.02 sec)

mysql> LOAD DATA local INFILE'//home/training/Downloads/clickstream.csv' INTO TABLE clickstream fields terminated by','lines terminated by '\n' IGNORE 1 lines;
Query OK, 13 rows affected (0.00 sec)
Records: 13  Deleted: 0  Skipped: 0  Warnings: 0

mysql> create table custemers(userID INT,name VARCHAR(20),email VARCHAR(40));
Query OK, 0 rows affected (0.03 sec)

mysql> LOAD DATA local INFILE'//home/training/Downloads/custemers.csv' INTO TABLE custemers fields terminated by','lines terminated by '\n' IGNORE 1 lines;
Query OK, 5 rows affected (0.01 sec)
Records: 5  Deleted: 0  Skipped: 0  Warnings: 0

mysql> create table purchase(userID INT,timestamp TIMESTAMP,amount int);
Query OK, 0 rows affected (0.03 sec)

mysql> LOAD DATA local INFILE'//home/training/Downloads/purchase.csv' INTO TABLE purchase fields terminated by','lines terminated by '\n' IGNORE 1 lines;
Query OK, 5 rows affected (0.00 sec)
Records: 5  Deleted: 0  Skipped: 0  Warnings: 0

mysql> select * from custemers;
+--------+----------------+-----------------------------+
| userID | name           | email                       |
+--------+----------------+-----------------------------+
       | | John Doe       | john.doe@example.com
     | 2 | Jane Smith     | jane.smith@example.com
 |     3 | Robert Johnson | robert.johnson@example.com
     | 4 | Lisa Brown     | lisa.brown@example.com
|      5 | Michael Wilson | michael.wilson@example.com  |
+--------+----------------+-----------------------------+
5 rows in set (0.00 sec)

mysql> 

